exports[`App should render correctly 1`] = `
<div
  className={undefined}>
  <h1>
    Connect 4 react
  </h1>
  <div
    className={undefined}>
    <i
      className="undefined undefined">
      ●
    </i>
    0
     - 
    0
    <i
      className="undefined ">
      ●
    </i>
  </div>
  <div
    className={undefined}
    onMouseLeave={[Function]}>
    <div
      className="undefined column-0">
      <div
        className="undefined undefined cell-0-0"
        onClick={[Function]}
        onMouseEnter={[Function]} />
      <div
        className="undefined undefined cell-0-1"
        onClick={[Function]}
        onMouseEnter={[Function]} />
      <div
        className="undefined undefined cell-0-2"
        onClick={[Function]}
        onMouseEnter={[Function]} />
      <div
        className="undefined undefined cell-0-3"
        onClick={[Function]}
        onMouseEnter={[Function]} />
      <div
        className="undefined undefined cell-0-4"
        onClick={[Function]}
        onMouseEnter={[Function]} />
      <div
        className="undefined undefined cell-0-5"
        onClick={[Function]}
        onMouseEnter={[Function]} />
      <div
        className="undefined undefined cell-0-6"
        onClick={[Function]}
        onMouseEnter={[Function]} />
    </div>
    <div
      className="undefined column-1">
      <div
        className="undefined undefined cell-1-0"
        onClick={[Function]}
        onMouseEnter={[Function]} />
      <div
        className="undefined undefined cell-1-1"
        onClick={[Function]}
        onMouseEnter={[Function]} />
      <div
        className="undefined undefined cell-1-2"
        onClick={[Function]}
        onMouseEnter={[Function]} />
      <div
        className="undefined undefined cell-1-3"
        onClick={[Function]}
        onMouseEnter={[Function]} />
      <div
        className="undefined undefined cell-1-4"
        onClick={[Function]}
        onMouseEnter={[Function]} />
      <div
        className="undefined undefined cell-1-5"
        onClick={[Function]}
        onMouseEnter={[Function]} />
      <div
        className="undefined undefined cell-1-6"
        onClick={[Function]}
        onMouseEnter={[Function]} />
    </div>
    <div
      className="undefined column-2">
      <div
        className="undefined undefined cell-2-0"
        onClick={[Function]}
        onMouseEnter={[Function]} />
      <div
        className="undefined undefined cell-2-1"
        onClick={[Function]}
        onMouseEnter={[Function]} />
      <div
        className="undefined undefined cell-2-2"
        onClick={[Function]}
        onMouseEnter={[Function]} />
      <div
        className="undefined undefined cell-2-3"
        onClick={[Function]}
        onMouseEnter={[Function]} />
      <div
        className="undefined undefined cell-2-4"
        onClick={[Function]}
        onMouseEnter={[Function]} />
      <div
        className="undefined undefined cell-2-5"
        onClick={[Function]}
        onMouseEnter={[Function]} />
      <div
        className="undefined undefined cell-2-6"
        onClick={[Function]}
        onMouseEnter={[Function]} />
    </div>
    <div
      className="undefined column-3">
      <div
        className="undefined undefined cell-3-0"
        onClick={[Function]}
        onMouseEnter={[Function]} />
      <div
        className="undefined undefined cell-3-1"
        onClick={[Function]}
        onMouseEnter={[Function]} />
      <div
        className="undefined undefined cell-3-2"
        onClick={[Function]}
        onMouseEnter={[Function]} />
      <div
        className="undefined undefined cell-3-3"
        onClick={[Function]}
        onMouseEnter={[Function]} />
      <div
        className="undefined undefined cell-3-4"
        onClick={[Function]}
        onMouseEnter={[Function]} />
      <div
        className="undefined undefined cell-3-5"
        onClick={[Function]}
        onMouseEnter={[Function]} />
      <div
        className="undefined undefined cell-3-6"
        onClick={[Function]}
        onMouseEnter={[Function]} />
    </div>
    <div
      className="undefined column-4">
      <div
        className="undefined undefined cell-4-0"
        onClick={[Function]}
        onMouseEnter={[Function]} />
      <div
        className="undefined undefined cell-4-1"
        onClick={[Function]}
        onMouseEnter={[Function]} />
      <div
        className="undefined undefined cell-4-2"
        onClick={[Function]}
        onMouseEnter={[Function]} />
      <div
        className="undefined undefined cell-4-3"
        onClick={[Function]}
        onMouseEnter={[Function]} />
      <div
        className="undefined undefined cell-4-4"
        onClick={[Function]}
        onMouseEnter={[Function]} />
      <div
        className="undefined undefined cell-4-5"
        onClick={[Function]}
        onMouseEnter={[Function]} />
      <div
        className="undefined undefined cell-4-6"
        onClick={[Function]}
        onMouseEnter={[Function]} />
    </div>
    <div
      className="undefined column-5">
      <div
        className="undefined undefined cell-5-0"
        onClick={[Function]}
        onMouseEnter={[Function]} />
      <div
        className="undefined undefined cell-5-1"
        onClick={[Function]}
        onMouseEnter={[Function]} />
      <div
        className="undefined undefined cell-5-2"
        onClick={[Function]}
        onMouseEnter={[Function]} />
      <div
        className="undefined undefined cell-5-3"
        onClick={[Function]}
        onMouseEnter={[Function]} />
      <div
        className="undefined undefined cell-5-4"
        onClick={[Function]}
        onMouseEnter={[Function]} />
      <div
        className="undefined undefined cell-5-5"
        onClick={[Function]}
        onMouseEnter={[Function]} />
      <div
        className="undefined undefined cell-5-6"
        onClick={[Function]}
        onMouseEnter={[Function]} />
    </div>
  </div>
  
  
</div>
`;
